// Jest Snapshot v1, https://goo.gl/fbAQLP

exports[`ShareService getSharedSummary should return a shared summary 1`] = `
{
  "data": {},
  "dates": [
    "2023-04-01T00:00:00.000Z",
    "2023-04-02T00:00:00.000Z",
    "2023-04-03T00:00:00.000Z",
    "2023-04-04T00:00:00.000Z",
    "2023-04-05T00:00:00.000Z",
    "2023-04-06T00:00:00.000Z",
    "2023-04-07T00:00:00.000Z",
    "2023-04-08T00:00:00.000Z",
    "2023-04-09T00:00:00.000Z",
    "2023-04-10T00:00:00.000Z",
    "2023-04-11T00:00:00.000Z",
    "2023-04-12T00:00:00.000Z",
  ],
  "totalDays": 12,
  "user": "Test User",
}
`;
