// Jest Snapshot v1, https://goo.gl/fbAQLP

exports[`SummaryService getUserSummary should return a user summary 1`] = `
Object {
  "data": Object {
    "2023-04-12T22:00:00.000Z": Object {
      "breakfast": Array [
        "food_1",
      ],
      "dinner": undefined,
      "lunch": Array [
        "food_3",
      ],
      "snack_1": Array [
        "food_2",
      ],
      "snack_2": Array [
        "food_4",
      ],
    },
  },
  "dates": Array [
    "2023-04-11T22:00:00.000Z",
    "2023-04-12T22:00:00.000Z",
  ],
  "totalDays": 2,
}
`;
